WARNING: A terminally deprecated method in sun.misc.Unsafe has been called
WARNING: sun.misc.Unsafe::staticFieldBase has been called by com.google.inject.internal.aop.HiddenClassDefiner (file:/C:/Users/haiyangl/dev-softwares/apache-maven-3.9.11/lib/guice-5.1.0-classes.jar)
WARNING: Please consider reporting this to the maintainers of class com.google.inject.internal.aop.HiddenClassDefiner
WARNING: sun.misc.Unsafe::staticFieldBase will be removed in a future release
[INFO] Scanning for projects...
[INFO] Inspecting build with total of 1 modules
[INFO] Installing Central Publishing features
[INFO] 
[INFO] ----------------------< com.landawn:abacus-extra >----------------------
[INFO] Building abacus-extra 2.25.2
[INFO]   from pom.xml
[INFO] --------------------------------[ jar ]---------------------------------
[INFO] 
[INFO] --- clean:3.2.0:clean (default-clean) @ abacus-extra ---
[INFO] Deleting C:\Users\haiyangl\Landawn\abacus-extra\target
[INFO] 
[INFO] --- jacoco:0.8.14:prepare-agent (prepare-agent) @ abacus-extra ---
[INFO] argLine set to -javaagent:C:\\Users\\haiyangl\\.m2\\repository\\org\\jacoco\\org.jacoco.agent\\0.8.14\\org.jacoco.agent-0.8.14-runtime.jar=destfile=C:\\Users\\haiyangl\\Landawn\\abacus-extra\\target\\jacoco.exec
[INFO] 
[INFO] --- resources:3.3.1:resources (default-resources) @ abacus-extra ---
[INFO] Copying 0 resource from src\main\resources to target\classes
[INFO] 
[INFO] --- compiler:3.14.1:compile (default-compile) @ abacus-extra ---
[INFO] Recompiling the module because of changed source code.
[INFO] Compiling 24 source files with javac [debug release 17] to target\classes
[INFO] /C:/Users/haiyangl/Landawn/abacus-extra/src/main/java/com/landawn/abacus/util/AbstractMatrix.java: Some input files use unchecked or unsafe operations.
[INFO] /C:/Users/haiyangl/Landawn/abacus-extra/src/main/java/com/landawn/abacus/util/AbstractMatrix.java: Recompile with -Xlint:unchecked for details.
[INFO] 
[INFO] --- resources:3.3.1:testResources (default-testResources) @ abacus-extra ---
[INFO] Copying 0 resource from src\test\resources to target\test-classes
[INFO] 
[INFO] --- compiler:3.14.1:testCompile (default-testCompile) @ abacus-extra ---
[INFO] Recompiling the module because of changed dependency.
[INFO] Compiling 123 source files with javac [debug release 17] to target\test-classes
[INFO] /C:/Users/haiyangl/Landawn/abacus-extra/src/test/java/com/landawn/abacus/util/BooleanTuple2025Test.java: Some input files use or override a deprecated API.
[INFO] /C:/Users/haiyangl/Landawn/abacus-extra/src/test/java/com/landawn/abacus/util/BooleanTuple2025Test.java: Recompile with -Xlint:deprecation for details.
[INFO] /C:/Users/haiyangl/Landawn/abacus-extra/src/test/java/com/landawn/abacus/TestBase.java: C:\Users\haiyangl\Landawn\abacus-extra\src\test\java\com\landawn\abacus\TestBase.java uses unchecked or unsafe operations.
[INFO] /C:/Users/haiyangl/Landawn/abacus-extra/src/test/java/com/landawn/abacus/TestBase.java: Recompile with -Xlint:unchecked for details.
[INFO] -------------------------------------------------------------
[WARNING] COMPILATION WARNING : 
[INFO] -------------------------------------------------------------
[WARNING] /C:/Users/haiyangl/Landawn/abacus-extra/src/test/java/com/landawn/abacus/util/AbstractMatrix2025Test.java:[938,36] non-varargs call of varargs method with inexact argument type for last parameter;
  cast to int[] for a varargs call
  cast to int[][] for a non-varargs call and to suppress this warning
[WARNING] /C:/Users/haiyangl/Landawn/abacus-extra/src/test/java/com/landawn/abacus/util/FloatMatrixTest.java:[69,45] non-varargs call of varargs method with inexact argument type for last parameter;
  cast to float[] for a varargs call
  cast to float[][] for a non-varargs call and to suppress this warning
[WARNING] /C:/Users/haiyangl/Landawn/abacus-extra/src/test/java/com/landawn/abacus/util/IntMatrixTest.java:[68,41] non-varargs call of varargs method with inexact argument type for last parameter;
  cast to int[] for a varargs call
  cast to int[][] for a non-varargs call and to suppress this warning
[WARNING] /C:/Users/haiyangl/Landawn/abacus-extra/src/test/java/com/landawn/abacus/util/ShortMatrixTest.java:[68,45] non-varargs call of varargs method with inexact argument type for last parameter;
  cast to short[] for a varargs call
  cast to short[][] for a non-varargs call and to suppress this warning
[INFO] 4 warnings 
[INFO] -------------------------------------------------------------
[INFO] -------------------------------------------------------------
[ERROR] COMPILATION ERROR : 
[INFO] -------------------------------------------------------------
[ERROR] /C:/Users/haiyangl/Landawn/abacus-extra/src/test/java/com/landawn/abacus/util/Arrays2512Test.java:[178,33] reference to mapToObj is ambiguous
  both method <T,E>mapToObj(double[][],com.landawn.abacus.util.Throwables.DoubleFunction<? extends T,E>,java.lang.Class<T>) in com.landawn.abacus.util.Arrays and method <T,E>mapToObj(double[][][],com.landawn.abacus.util.Throwables.DoubleFunction<? extends T,E>,java.lang.Class<T>) in com.landawn.abacus.util.Arrays match
[ERROR] /C:/Users/haiyangl/Landawn/abacus-extra/src/test/java/com/landawn/abacus/util/Arrays2512Test.java:[178,42] incompatible types: no instance(s) of type variable(s) T,E exist so that T[][] conforms to java.lang.String[]
[ERROR] /C:/Users/haiyangl/Landawn/abacus-extra/src/test/java/com/landawn/abacus/util/Matrixes2512Test.java:[213,9] cannot find symbol
  symbol:   method assertNull(java.lang.Integer)
  location: class com.landawn.abacus.util.Matrixes2512Test
[ERROR] /C:/Users/haiyangl/Landawn/abacus-extra/src/test/java/com/landawn/abacus/util/Matrixes2512Test.java:[564,9] cannot find symbol
  symbol:   class IntStream
  location: class com.landawn.abacus.util.Matrixes2512Test
[ERROR] /C:/Users/haiyangl/Landawn/abacus-extra/src/test/java/com/landawn/abacus/util/Matrixes2512Test.java:[574,9] cannot find symbol
  symbol:   class IntStream
  location: class com.landawn.abacus.util.Matrixes2512Test
[ERROR] /C:/Users/haiyangl/Landawn/abacus-extra/src/test/java/com/landawn/abacus/util/PrimitiveTuple2512Test.java:[154,18] reference to accept is ambiguous
  both method <E>accept(com.landawn.abacus.util.Throwables.Consumer<? super TP,E>) in com.landawn.abacus.util.PrimitiveTuple and method <E>accept(com.landawn.abacus.util.Throwables.IntBiConsumer<E>) in com.landawn.abacus.util.IntTuple.IntTuple2 match
[ERROR] /C:/Users/haiyangl/Landawn/abacus-extra/src/test/java/com/landawn/abacus/util/PrimitiveTuple2512Test.java:[265,18] reference to map is ambiguous
  both method <U,E>map(com.landawn.abacus.util.Throwables.Function<? super TP,U,E>) in com.landawn.abacus.util.PrimitiveTuple and method <U,E>map(com.landawn.abacus.util.Throwables.IntBiFunction<U,E>) in com.landawn.abacus.util.IntTuple.IntTuple2 match
[ERROR] /C:/Users/haiyangl/Landawn/abacus-extra/src/test/java/com/landawn/abacus/util/PrimitiveTuple2512Test.java:[364,18] reference to filter is ambiguous
  both method <E>filter(com.landawn.abacus.util.Throwables.Predicate<? super TP,E>) in com.landawn.abacus.util.PrimitiveTuple and method <E>filter(com.landawn.abacus.util.Throwables.IntBiPredicate<E>) in com.landawn.abacus.util.IntTuple.IntTuple2 match
[ERROR] /C:/Users/haiyangl/Landawn/abacus-extra/src/test/java/com/landawn/abacus/util/PrimitiveTuple2512Test.java:[614,34] cannot find symbol
  symbol:   method toOptional()
  location: class com.landawn.abacus.util.u.Optional<com.landawn.abacus.util.IntTuple.IntTuple3>
[INFO] 9 errors 
[INFO] -------------------------------------------------------------
[INFO] ------------------------------------------------------------------------
[INFO] BUILD FAILURE
[INFO] ------------------------------------------------------------------------
[INFO] Total time:  17.149 s
[INFO] Finished at: 2025-11-02T20:21:03-08:00
[INFO] ------------------------------------------------------------------------
[ERROR] Failed to execute goal org.apache.maven.plugins:maven-compiler-plugin:3.14.1:testCompile (default-testCompile) on project abacus-extra: Compilation failure: Compilation failure: 
[ERROR] /C:/Users/haiyangl/Landawn/abacus-extra/src/test/java/com/landawn/abacus/util/Arrays2512Test.java:[178,33] reference to mapToObj is ambiguous
[ERROR]   both method <T,E>mapToObj(double[][],com.landawn.abacus.util.Throwables.DoubleFunction<? extends T,E>,java.lang.Class<T>) in com.landawn.abacus.util.Arrays and method <T,E>mapToObj(double[][][],com.landawn.abacus.util.Throwables.DoubleFunction<? extends T,E>,java.lang.Class<T>) in com.landawn.abacus.util.Arrays match
[ERROR] /C:/Users/haiyangl/Landawn/abacus-extra/src/test/java/com/landawn/abacus/util/Arrays2512Test.java:[178,42] incompatible types: no instance(s) of type variable(s) T,E exist so that T[][] conforms to java.lang.String[]
[ERROR] /C:/Users/haiyangl/Landawn/abacus-extra/src/test/java/com/landawn/abacus/util/Matrixes2512Test.java:[213,9] cannot find symbol
[ERROR]   symbol:   method assertNull(java.lang.Integer)
[ERROR]   location: class com.landawn.abacus.util.Matrixes2512Test
[ERROR] /C:/Users/haiyangl/Landawn/abacus-extra/src/test/java/com/landawn/abacus/util/Matrixes2512Test.java:[564,9] cannot find symbol
[ERROR]   symbol:   class IntStream
[ERROR]   location: class com.landawn.abacus.util.Matrixes2512Test
[ERROR] /C:/Users/haiyangl/Landawn/abacus-extra/src/test/java/com/landawn/abacus/util/Matrixes2512Test.java:[574,9] cannot find symbol
[ERROR]   symbol:   class IntStream
[ERROR]   location: class com.landawn.abacus.util.Matrixes2512Test
[ERROR] /C:/Users/haiyangl/Landawn/abacus-extra/src/test/java/com/landawn/abacus/util/PrimitiveTuple2512Test.java:[154,18] reference to accept is ambiguous
[ERROR]   both method <E>accept(com.landawn.abacus.util.Throwables.Consumer<? super TP,E>) in com.landawn.abacus.util.PrimitiveTuple and method <E>accept(com.landawn.abacus.util.Throwables.IntBiConsumer<E>) in com.landawn.abacus.util.IntTuple.IntTuple2 match
[ERROR] /C:/Users/haiyangl/Landawn/abacus-extra/src/test/java/com/landawn/abacus/util/PrimitiveTuple2512Test.java:[265,18] reference to map is ambiguous
[ERROR]   both method <U,E>map(com.landawn.abacus.util.Throwables.Function<? super TP,U,E>) in com.landawn.abacus.util.PrimitiveTuple and method <U,E>map(com.landawn.abacus.util.Throwables.IntBiFunction<U,E>) in com.landawn.abacus.util.IntTuple.IntTuple2 match
[ERROR] /C:/Users/haiyangl/Landawn/abacus-extra/src/test/java/com/landawn/abacus/util/PrimitiveTuple2512Test.java:[364,18] reference to filter is ambiguous
[ERROR]   both method <E>filter(com.landawn.abacus.util.Throwables.Predicate<? super TP,E>) in com.landawn.abacus.util.PrimitiveTuple and method <E>filter(com.landawn.abacus.util.Throwables.IntBiPredicate<E>) in com.landawn.abacus.util.IntTuple.IntTuple2 match
[ERROR] /C:/Users/haiyangl/Landawn/abacus-extra/src/test/java/com/landawn/abacus/util/PrimitiveTuple2512Test.java:[614,34] cannot find symbol
[ERROR]   symbol:   method toOptional()
[ERROR]   location: class com.landawn.abacus.util.u.Optional<com.landawn.abacus.util.IntTuple.IntTuple3>
[ERROR] -> [Help 1]
[ERROR] 
[ERROR] To see the full stack trace of the errors, re-run Maven with the -e switch.
[ERROR] Re-run Maven using the -X switch to enable full debug logging.
[ERROR] 
[ERROR] For more information about the errors and possible solutions, please read the following articles:
[ERROR] [Help 1] http://cwiki.apache.org/confluence/display/MAVEN/MojoFailureException
